[0m22:22:09.978180 [debug] [MainThread]: Sending event: {'category': 'dbt', 'action': 'invocation', 'label': 'start', 'context': [<snowplow_tracker.self_describing_json.SelfDescribingJson object at 0x702322f20490>, <snowplow_tracker.self_describing_json.SelfDescribingJson object at 0x702322c1c710>, <snowplow_tracker.self_describing_json.SelfDescribingJson object at 0x702323c64110>]}


============================== 22:22:09.991220 | b0b8722c-5b25-44fe-b5f5-8c2949bdfeb2 ==============================
[0m22:22:09.991220 [info ] [MainThread]: Running with dbt=1.10.6
[0m22:22:09.995529 [debug] [MainThread]: running dbt with arguments {'printer_width': '80', 'indirect_selection': 'eager', 'write_json': 'True', 'log_cache_events': 'False', 'partial_parse': 'True', 'cache_selected_only': 'False', 'profiles_dir': '/root/.dbt', 'fail_fast': 'False', 'debug': 'False', 'log_path': 'logs', 'version_check': 'True', 'warn_error': 'None', 'use_colors': 'True', 'use_experimental_parser': 'False', 'no_print': 'None', 'quiet': 'False', 'empty': 'None', 'log_format': 'default', 'static_parser': 'True', 'warn_error_options': 'WarnErrorOptionsV2(error=[], warn=[], silence=[])', 'introspect': 'True', 'target_path': 'None', 'invocation_command': 'dbt init dbt', 'send_anonymous_usage_stats': 'True'}
[0m22:22:10.017148 [info ] [MainThread]: Creating dbt configuration folder at /root/.dbt
[0m22:23:06.440497 [debug] [MainThread]: Starter project path: /usr/local/lib/python3.11/site-packages/dbt/include/starter_project
[0m22:23:06.673123 [info ] [MainThread]: 
Your new dbt project "dbt_euromillions_lkh" was created!

For more information on how to configure the profiles.yml file,
please consult the dbt documentation here:

  https://docs.getdbt.com/docs/configure-your-profile

One more thing:

Need help? Don't hesitate to reach out to us via GitHub issues or on Slack:

  https://community.getdbt.com/

Happy modeling!

[0m22:23:06.675288 [info ] [MainThread]: Setting up your profile.
[0m22:23:15.845507 [info ] [MainThread]: Profile dbt_euromillions_lkh written to /root/.dbt/profiles.yml using target's sample configuration. Once updated, you'll be able to start developing with dbt.
[0m22:23:15.852130 [debug] [MainThread]: Resource report: {"command_name": "init", "command_success": true, "command_wall_clock_time": 65.947136, "process_in_blocks": "5928", "process_kernel_time": 0.544792, "process_mem_max_rss": "120784", "process_out_blocks": "3192", "process_user_time": 2.071012}
[0m22:23:15.854334 [debug] [MainThread]: Command `dbt init` succeeded at 22:23:15.854009 after 65.95 seconds
[0m22:23:15.856222 [debug] [MainThread]: Sending event: {'category': 'dbt', 'action': 'invocation', 'label': 'end', 'context': [<snowplow_tracker.self_describing_json.SelfDescribingJson object at 0x702322bcbed0>, <snowplow_tracker.self_describing_json.SelfDescribingJson object at 0x702322c046d0>, <snowplow_tracker.self_describing_json.SelfDescribingJson object at 0x702327781a90>]}
[0m22:23:15.858047 [debug] [MainThread]: Flushing usage events
[0m22:23:16.366713 [debug] [MainThread]: An error was encountered while trying to flush usage events
